<html>
<body>
<pre>
<h1>µVision3 Build Log</h1>
<h2>Project:</h2>
D:\pro\termial4\dlc_four\dlc_four.uv2
Project File Date:  10/10/2011

<h2>Output:</h2>
Load "D:\\pro\\termial4\\dlc_four\\Obj\\dlc_four.AXF" 
VTarget = 3.300V
Info: TotalIRLen = 4, IRPrint = 0x01
Info: Found Cortex-M3 r1p1, Little endian.
Info: TPIU fitted.
Info:   FPUnit: 6 code (BP) slots and 2 literal slots
Info: TotalIRLen = 4, IRPrint = 0x01
Info: Found Cortex-M3 r1p1, Little endian.
Info: TPIU fitted.
Info:   FPUnit: 6 code (BP) slots and 2 literal slots
DLL version V4.08b, compiled Jun 30 2009 19:10:31
Firmware: J-Link ARM-OB STM32 compiled Mar 01 2010 17:00:09
Hardware: V7.00
Hardware-Breakpoints: 6
Software-Breakpoints: 2048
Watchpoints:          0
Found 1 JTAG device, Total IRLen = 4:
 Id of device #0: 0x3BA00477
Cortex-M3 identified.
JTAG speed: 5 kHz
Info: TotalIRLen = 4, IRPrint = 0x01
Info: Found Cortex-M3 r1p1, Little endian.
Info: TPIU fitted.
Info:   FPUnit: 6 code (BP) slots and 2 literal slots
JTAG speed: 1000 kHz
Erase Done.
Programming Done.
Verify OK.
Build target 'DEBUG JLINK'
custom translating Web.inp...
Custom: C:\Keil\ARM\bin\fcarm @Web\Web.inp
FCARM file converter V2.11
Converted 14 File(s), Compression 93%
compiling HTTP_upload.c...
src\http\HTTP_upload.c(60): error:  #20: identifier "g_send_package_socket" is undefined
src\http\HTTP_upload.c(60): error:  #20: identifier "tcp_callback" is undefined
src\http\HTTP_upload.c(61): error:  #20: identifier "g_send_package_socket_ip" is undefined
src\http\HTTP_upload.c(61): error:  #20: identifier "g_send_package_socket_port" is undefined
src\http\HTTP_upload.c(82): warning:  #223-D: function "spi_init" declared implicitly
src\http\HTTP_upload.c(88): warning:  #223-D: function "modules_test" declared implicitly
src\http\HTTP_upload.c(91): warning:  #223-D: function "uffs_flash_interface_init" declared implicitly
src\http\HTTP_upload.c(92): warning:  #223-D: function "rtc_init" declared implicitly
src\http\HTTP_upload.c(94): warning:  #223-D: function "access_init" declared implicitly
src\http\HTTP_upload.c(108): warning:  #223-D: function "sys_tick_once" declared implicitly
src\http\HTTP_upload.c(424): warning:  #223-D: function "main_loop" declared implicitly
compiling Web.c...
compiling test.c...
src\os\test.c(84): warning:  #117-D: non-void function "file_test" should return a value
src\os\test.c(90): warning:  #940-D: missing return statement at end of non-void function "file_test"
src\os\test.c(99): warning:  #68-D: integer conversion resulted in a change of sign
src\os\test.c(107): warning:  #223-D: function "system_send_buf_to_host" declared implicitly
src\os\test.c(117): warning:  #223-D: function "timer_poll" declared implicitly
src\os\test.c(200): warning:  #167-D: argument of type "char *" is incompatible with parameter of type "BYTE *"
src\os\test.c(202): warning:  #167-D: argument of type "char *" is incompatible with parameter of type "BYTE *"
src\os\test.c(203): warning:  #167-D: argument of type "char *" is incompatible with parameter of type "BYTE *"
src\os\test.c(210): warning:  #167-D: argument of type "char *" is incompatible with parameter of type "BYTE *"
src\os\test.c(212): warning:  #167-D: argument of type "char *" is incompatible with parameter of type "BYTE *"
src\os\test.c(213): warning:  #167-D: argument of type "char *" is incompatible with parameter of type "BYTE *"
src\os\test.c(220): warning:  #167-D: argument of type "char *" is incompatible with parameter of type "BYTE *"
src\os\test.c(222): warning:  #167-D: argument of type "char *" is incompatible with parameter of type "BYTE *"
src\os\test.c(223): warning:  #167-D: argument of type "char *" is incompatible with parameter of type "BYTE *"
src\os\test.c(229): warning:  #111-D: statement is unreachable
src\os\test.c(231): warning:  #111-D: statement is unreachable
src\os\test.c(157): warning:  #550-D: variable "st" was set but never used
compiling access_main.c...
src\os\access_main.c(269): warning:  #223-D: function "_error_message" declared implicitly
src\os\access_main.c(382): warning:  #223-D: function "_error_message" declared implicitly
src\os\access_main.c(396): warning:  #223-D: function "_error_message" declared implicitly
src\os\access_main.c(411): warning:  #223-D: function "_error_message" declared implicitly
src\os\access_main.c(566): warning:  #940-D: missing return statement at end of non-void function "sys_tick_once"
src\os\access_main.c(578): warning:  #177-D: variable "len" was declared but never referenced
src\os\access_main.c(682): error:  #20: identifier "rel" is undefined
src\os\access_main.c(699): warning:  #513-D: a value of type "U8 *" cannot be assigned to an entity of type "char *"
src\os\access_main.c(701): warning:  #167-D: argument of type "char *" is incompatible with parameter of type "U8 *"
src\os\access_main.c(680): warning:  #177-D: variable "stat" was declared but never referenced
src\os\access_main.c(739): warning:  #111-D: statement is unreachable
src\os\access_main.c(742): warning:  #111-D: statement is unreachable
Target not created
Build target 'DEBUG JLINK'
custom translating Web.inp...
Custom: C:\Keil\ARM\bin\fcarm @Web\Web.inp
FCARM file converter V2.11
Converted 14 File(s), Compression 93%
compiling HTTP_upload.c...
src\http\HTTP_upload.c(60): error:  #20: identifier "g_send_package_socket" is undefined
src\http\HTTP_upload.c(60): error:  #20: identifier "tcp_callback" is undefined
src\http\HTTP_upload.c(61): error:  #20: identifier "g_send_package_socket_ip" is undefined
src\http\HTTP_upload.c(61): error:  #20: identifier "g_send_package_socket_port" is undefined
src\http\HTTP_upload.c(82): warning:  #223-D: function "spi_init" declared implicitly
src\http\HTTP_upload.c(88): warning:  #223-D: function "modules_test" declared implicitly
src\http\HTTP_upload.c(91): warning:  #223-D: function "uffs_flash_interface_init" declared implicitly
src\http\HTTP_upload.c(92): warning:  #223-D: function "rtc_init" declared implicitly
src\http\HTTP_upload.c(94): warning:  #223-D: function "access_init" declared implicitly
src\http\HTTP_upload.c(108): warning:  #223-D: function "sys_tick_once" declared implicitly
src\http\HTTP_upload.c(424): warning:  #223-D: function "main_loop" declared implicitly
compiling Web.c...
compiling access_main.c...
src\os\access_main.c(269): warning:  #223-D: function "_error_message" declared implicitly
src\os\access_main.c(382): warning:  #223-D: function "_error_message" declared implicitly
src\os\access_main.c(396): warning:  #223-D: function "_error_message" declared implicitly
src\os\access_main.c(411): warning:  #223-D: function "_error_message" declared implicitly
src\os\access_main.c(566): warning:  #940-D: missing return statement at end of non-void function "sys_tick_once"
src\os\access_main.c(578): warning:  #177-D: variable "len" was declared but never referenced
src\os\access_main.c(682): error:  #20: identifier "rel" is undefined
src\os\access_main.c(699): warning:  #513-D: a value of type "U8 *" cannot be assigned to an entity of type "char *"
src\os\access_main.c(701): warning:  #167-D: argument of type "char *" is incompatible with parameter of type "U8 *"
src\os\access_main.c(680): warning:  #177-D: variable "stat" was declared but never referenced
src\os\access_main.c(739): warning:  #111-D: statement is unreachable
src\os\access_main.c(742): warning:  #111-D: statement is unreachable
Target not created
Build target 'DEBUG JLINK'
custom translating Web.inp...
Custom: C:\Keil\ARM\bin\fcarm @Web\Web.inp
FCARM file converter V2.11
Converted 14 File(s), Compression 93%
compiling HTTP_upload.c...
src\http\HTTP_upload.c(61): error:  #20: identifier "tcp_callback" is undefined
src\http\HTTP_upload.c(62): error:  #20: identifier "g_send_package_socket_ip" is undefined
src\http\HTTP_upload.c(62): error:  #20: identifier "g_send_package_socket_port" is undefined
src\http\HTTP_upload.c(83): warning:  #223-D: function "spi_init" declared implicitly
src\http\HTTP_upload.c(89): warning:  #223-D: function "modules_test" declared implicitly
src\http\HTTP_upload.c(92): warning:  #223-D: function "uffs_flash_interface_init" declared implicitly
src\http\HTTP_upload.c(93): warning:  #223-D: function "rtc_init" declared implicitly
src\http\HTTP_upload.c(95): warning:  #223-D: function "access_init" declared implicitly
src\http\HTTP_upload.c(109): warning:  #223-D: function "sys_tick_once" declared implicitly
src\http\HTTP_upload.c(425): warning:  #223-D: function "main_loop" declared implicitly
compiling Web.c...
compiling access_main.c...
src\os\access_main.c(269): warning:  #223-D: function "_error_message" declared implicitly
src\os\access_main.c(382): warning:  #223-D: function "_error_message" declared implicitly
src\os\access_main.c(396): warning:  #223-D: function "_error_message" declared implicitly
src\os\access_main.c(411): warning:  #223-D: function "_error_message" declared implicitly
src\os\access_main.c(566): warning:  #940-D: missing return statement at end of non-void function "sys_tick_once"
src\os\access_main.c(578): warning:  #177-D: variable "len" was declared but never referenced
src\os\access_main.c(682): error:  #20: identifier "rel" is undefined
src\os\access_main.c(699): warning:  #513-D: a value of type "U8 *" cannot be assigned to an entity of type "char *"
src\os\access_main.c(701): warning:  #167-D: argument of type "char *" is incompatible with parameter of type "U8 *"
src\os\access_main.c(680): warning:  #177-D: variable "stat" was declared but never referenced
src\os\access_main.c(739): warning:  #111-D: statement is unreachable
src\os\access_main.c(742): warning:  #111-D: statement is unreachable
Target not created
Build target 'DEBUG JLINK'
custom translating Web.inp...
Custom: C:\Keil\ARM\bin\fcarm @Web\Web.inp
FCARM file converter V2.11
Converted 14 File(s), Compression 93%
compiling HTTP_upload.c...
src\http\HTTP_upload.c(64): error:  #20: identifier "g_send_package_socket_ip" is undefined
src\http\HTTP_upload.c(64): error:  #20: identifier "g_send_package_socket_port" is undefined
src\http\HTTP_upload.c(85): warning:  #223-D: function "spi_init" declared implicitly
src\http\HTTP_upload.c(91): warning:  #223-D: function "modules_test" declared implicitly
src\http\HTTP_upload.c(94): warning:  #223-D: function "uffs_flash_interface_init" declared implicitly
src\http\HTTP_upload.c(95): warning:  #223-D: function "rtc_init" declared implicitly
src\http\HTTP_upload.c(97): warning:  #223-D: function "access_init" declared implicitly
src\http\HTTP_upload.c(111): warning:  #223-D: function "sys_tick_once" declared implicitly
src\http\HTTP_upload.c(427): warning:  #223-D: function "main_loop" declared implicitly
compiling Web.c...
compiling access_main.c...
src\os\access_main.c(269): warning:  #223-D: function "_error_message" declared implicitly
src\os\access_main.c(382): warning:  #223-D: function "_error_message" declared implicitly
src\os\access_main.c(396): warning:  #223-D: function "_error_message" declared implicitly
src\os\access_main.c(411): warning:  #223-D: function "_error_message" declared implicitly
src\os\access_main.c(566): warning:  #940-D: missing return statement at end of non-void function "sys_tick_once"
src\os\access_main.c(578): warning:  #177-D: variable "len" was declared but never referenced
src\os\access_main.c(682): error:  #20: identifier "rel" is undefined
src\os\access_main.c(699): warning:  #513-D: a value of type "U8 *" cannot be assigned to an entity of type "char *"
src\os\access_main.c(701): warning:  #167-D: argument of type "char *" is incompatible with parameter of type "U8 *"
src\os\access_main.c(680): warning:  #177-D: variable "stat" was declared but never referenced
src\os\access_main.c(739): warning:  #111-D: statement is unreachable
src\os\access_main.c(742): warning:  #111-D: statement is unreachable
Target not created
Build target 'DEBUG JLINK'
custom translating Web.inp...
Custom: C:\Keil\ARM\bin\fcarm @Web\Web.inp
FCARM file converter V2.11
Converted 14 File(s), Compression 93%
compiling HTTP_upload.c...
src\http\HTTP_upload.c(87): warning:  #223-D: function "spi_init" declared implicitly
src\http\HTTP_upload.c(93): warning:  #223-D: function "modules_test" declared implicitly
src\http\HTTP_upload.c(96): warning:  #223-D: function "uffs_flash_interface_init" declared implicitly
src\http\HTTP_upload.c(97): warning:  #223-D: function "rtc_init" declared implicitly
src\http\HTTP_upload.c(99): warning:  #223-D: function "access_init" declared implicitly
src\http\HTTP_upload.c(113): warning:  #223-D: function "sys_tick_once" declared implicitly
src\http\HTTP_upload.c(429): warning:  #223-D: function "main_loop" declared implicitly
compiling Web.c...
compiling access_main.c...
src\os\access_main.c(269): warning:  #223-D: function "_error_message" declared implicitly
src\os\access_main.c(382): warning:  #223-D: function "_error_message" declared implicitly
src\os\access_main.c(396): warning:  #223-D: function "_error_message" declared implicitly
src\os\access_main.c(411): warning:  #223-D: function "_error_message" declared implicitly
src\os\access_main.c(566): warning:  #940-D: missing return statement at end of non-void function "sys_tick_once"
src\os\access_main.c(578): warning:  #177-D: variable "len" was declared but never referenced
src\os\access_main.c(682): error:  #20: identifier "rel" is undefined
src\os\access_main.c(699): warning:  #513-D: a value of type "U8 *" cannot be assigned to an entity of type "char *"
src\os\access_main.c(701): warning:  #167-D: argument of type "char *" is incompatible with parameter of type "U8 *"
src\os\access_main.c(680): warning:  #177-D: variable "stat" was declared but never referenced
src\os\access_main.c(739): warning:  #111-D: statement is unreachable
src\os\access_main.c(742): warning:  #111-D: statement is unreachable
Target not created
Build target 'DEBUG JLINK'
custom translating Web.inp...
Custom: C:\Keil\ARM\bin\fcarm @Web\Web.inp
FCARM file converter V2.11
Converted 14 File(s), Compression 93%
compiling Web.c...
compiling access_main.c...
src\os\access_main.c(269): warning:  #223-D: function "_error_message" declared implicitly
src\os\access_main.c(382): warning:  #223-D: function "_error_message" declared implicitly
src\os\access_main.c(396): warning:  #223-D: function "_error_message" declared implicitly
src\os\access_main.c(411): warning:  #223-D: function "_error_message" declared implicitly
src\os\access_main.c(566): warning:  #940-D: missing return statement at end of non-void function "sys_tick_once"
src\os\access_main.c(578): warning:  #177-D: variable "len" was declared but never referenced
src\os\access_main.c(682): error:  #20: identifier "rel" is undefined
src\os\access_main.c(699): warning:  #513-D: a value of type "U8 *" cannot be assigned to an entity of type "char *"
src\os\access_main.c(701): warning:  #167-D: argument of type "char *" is incompatible with parameter of type "U8 *"
src\os\access_main.c(680): warning:  #177-D: variable "stat" was declared but never referenced
src\os\access_main.c(739): warning:  #111-D: statement is unreachable
src\os\access_main.c(742): warning:  #111-D: statement is unreachable
Target not created
Build target 'DEBUG JLINK'
custom translating Web.inp...
Custom: C:\Keil\ARM\bin\fcarm @Web\Web.inp
FCARM file converter V2.11
Converted 14 File(s), Compression 93%
compiling Web.c...
compiling access_main.c...
src\os\access_main.c(269): warning:  #223-D: function "_error_message" declared implicitly
src\os\access_main.c(382): warning:  #223-D: function "_error_message" declared implicitly
src\os\access_main.c(396): warning:  #223-D: function "_error_message" declared implicitly
src\os\access_main.c(411): warning:  #223-D: function "_error_message" declared implicitly
src\os\access_main.c(566): warning:  #940-D: missing return statement at end of non-void function "sys_tick_once"
src\os\access_main.c(578): warning:  #177-D: variable "len" was declared but never referenced
src\os\access_main.c(699): warning:  #513-D: a value of type "U8 *" cannot be assigned to an entity of type "char *"
src\os\access_main.c(701): warning:  #167-D: argument of type "char *" is incompatible with parameter of type "U8 *"
src\os\access_main.c(739): warning:  #111-D: statement is unreachable
src\os\access_main.c(742): warning:  #111-D: statement is unreachable
linking...
Program Size: Code=104072 RO-data=21988 RW-data=1096 ZI-data=36256  
FromELF: creating hex file...
".\Obj\dlc_four.axf" - 0 Error(s), 10 Warning(s).
Build target 'DEBUG JLINK'
custom translating Web.inp...
Custom: C:\Keil\ARM\bin\fcarm @Web\Web.inp
FCARM file converter V2.11
Converted 14 File(s), Compression 93%
compiling Web.c...
linking...
Program Size: Code=104072 RO-data=21988 RW-data=1096 ZI-data=36256  
FromELF: creating hex file...
".\Obj\dlc_four.axf" - 0 Error(s), 0 Warning(s).
Load "D:\\pro\\termial4\\dlc_four\\Obj\\dlc_four.AXF" 
VTarget = 3.300V
Info: TotalIRLen = 4, IRPrint = 0x01
Info: Found Cortex-M3 r1p1, Little endian.
Info: TPIU fitted.
Info:   FPUnit: 6 code (BP) slots and 2 literal slots
Info: TotalIRLen = 4, IRPrint = 0x01
Info: Found Cortex-M3 r1p1, Little endian.
Info: TPIU fitted.
Info:   FPUnit: 6 code (BP) slots and 2 literal slots
DLL version V4.08b, compiled Jun 30 2009 19:10:31
Firmware: J-Link ARM-OB STM32 compiled Mar 01 2010 17:00:09
Hardware: V7.00
Hardware-Breakpoints: 6
Software-Breakpoints: 2048
Watchpoints:          0
Found 1 JTAG device, Total IRLen = 4:
 Id of device #0: 0x3BA00477
Cortex-M3 identified.
JTAG speed: 5 kHz
Info: TotalIRLen = 4, IRPrint = 0x01
Info: Found Cortex-M3 r1p1, Little endian.
Info: TPIU fitted.
Info:   FPUnit: 6 code (BP) slots and 2 literal slots
JTAG speed: 1000 kHz
Erase Done.
Programming Done.
Verify OK.
Build target 'DEBUG JLINK'
custom translating Web.inp...
Custom: C:\Keil\ARM\bin\fcarm @Web\Web.inp
FCARM file converter V2.11
Converted 14 File(s), Compression 93%
compiling Web.c...
compiling access_main.c...
src\os\access_main.c(269): warning:  #223-D: function "_error_message" declared implicitly
src\os\access_main.c(382): warning:  #223-D: function "_error_message" declared implicitly
src\os\access_main.c(396): warning:  #223-D: function "_error_message" declared implicitly
src\os\access_main.c(411): warning:  #223-D: function "_error_message" declared implicitly
src\os\access_main.c(566): warning:  #940-D: missing return statement at end of non-void function "sys_tick_once"
src\os\access_main.c(634): warning:  #144-D: a value of type "u8 *" cannot be used to initialize an entity of type "char *"
src\os\access_main.c(578): warning:  #177-D: variable "len" was declared but never referenced
src\os\access_main.c(689): warning:  #223-D: function "timer_poll" declared implicitly
src\os\access_main.c(699): warning:  #513-D: a value of type "U8 *" cannot be assigned to an entity of type "char *"
src\os\access_main.c(701): warning:  #167-D: argument of type "char *" is incompatible with parameter of type "U8 *"
src\os\access_main.c(739): warning:  #111-D: statement is unreachable
src\os\access_main.c(742): warning:  #111-D: statement is unreachable
linking...
Program Size: Code=104136 RO-data=21988 RW-data=1096 ZI-data=36256  
FromELF: creating hex file...
".\Obj\dlc_four.axf" - 0 Error(s), 12 Warning(s).
Load "D:\\pro\\termial4\\dlc_four\\Obj\\dlc_four.AXF" 
VTarget = 3.300V
Info: TotalIRLen = 4, IRPrint = 0x01
Info: Found Cortex-M3 r1p1, Little endian.
Info: TPIU fitted.
Info:   FPUnit: 6 code (BP) slots and 2 literal slots
Info: TotalIRLen = 4, IRPrint = 0x01
Info: Found Cortex-M3 r1p1, Little endian.
Info: TPIU fitted.
Info:   FPUnit: 6 code (BP) slots and 2 literal slots
DLL version V4.08b, compiled Jun 30 2009 19:10:31
Firmware: J-Link ARM-OB STM32 compiled Mar 01 2010 17:00:09
Hardware: V7.00
Hardware-Breakpoints: 6
Software-Breakpoints: 2048
Watchpoints:          0
Found 1 JTAG device, Total IRLen = 4:
 Id of device #0: 0x3BA00477
Cortex-M3 identified.
JTAG speed: 5 kHz
Info: TotalIRLen = 4, IRPrint = 0x01
Info: Found Cortex-M3 r1p1, Little endian.
Info: TPIU fitted.
Info:   FPUnit: 6 code (BP) slots and 2 literal slots
JTAG speed: 1000 kHz
Erase Done.
Programming Done.
Verify OK.
Build target 'DEBUG JLINK'
custom translating Web.inp...
Custom: C:\Keil\ARM\bin\fcarm @Web\Web.inp
FCARM file converter V2.11
Converted 14 File(s), Compression 93%
compiling HTTP_CGI.c...
src\http\HTTP_CGI.c(78): warning:  #223-D: function "t_cmd_main" declared implicitly
src\http\HTTP_CGI.c(89): warning:  #223-D: function "demo_test" declared implicitly
src\http\HTTP_CGI.c(148): warning:  #167-D: argument of type "char *" is incompatible with parameter of type "BYTE *"
src\http\HTTP_CGI.c(184): warning:  #167-D: argument of type "char *" is incompatible with parameter of type "BYTE *"
src\http\HTTP_CGI.c(187): warning:  #167-D: argument of type "char *" is incompatible with parameter of type "BYTE *"
src\http\HTTP_CGI.c(315): warning:  #223-D: function "system_string_value" declared implicitly
src\http\HTTP_CGI.c(316): warning:  #167-D: argument of type "U8 *" is incompatible with parameter of type "const char *"
src\http\HTTP_CGI.c(344): warning:  #177-D: variable "i" was declared but never referenced
src\http\HTTP_CGI.c(346): warning:  #177-D: variable "d" was declared but never referenced
src\http\HTTP_CGI.c(272): warning:  #177-D: variable "mask" was declared but never referenced
src\http\HTTP_CGI.c(273): warning:  #177-D: variable "info" was declared but never referenced
src\http\HTTP_CGI.c(274): warning:  #177-D: variable "temp" was declared but never referenced
src\http\HTTP_CGI.c(419): warning:  #177-D: function "dot_format" was declared but never referenced
compiling HTTP_upload.c...
src\http\HTTP_upload.c(87): warning:  #223-D: function "spi_init" declared implicitly
src\http\HTTP_upload.c(93): warning:  #223-D: function "modules_test" declared implicitly
src\http\HTTP_upload.c(96): warning:  #223-D: function "uffs_flash_interface_init" declared implicitly
src\http\HTTP_upload.c(97): warning:  #223-D: function "rtc_init" declared implicitly
src\http\HTTP_upload.c(99): warning:  #223-D: function "access_init" declared implicitly
src\http\HTTP_upload.c(113): warning:  #223-D: function "sys_tick_once" declared implicitly
src\http\HTTP_upload.c(429): warning:  #223-D: function "main_loop" declared implicitly
compiling Web.c...
compiling HTTP_uif.c...
src\http\HTTP_uif.c(32): warning:  #167-D: argument of type "U8 *" is incompatible with parameter of type "const char *restrict"
src\http\HTTP_uif.c(82): warning:  #111-D: statement is unreachable
src\http\HTTP_uif.c(108): warning:  #167-D: argument of type "U8 *" is incompatible with parameter of type "const char *restrict"
compiling W25X32.c...
src\device\W25X32.c(399): warning:  #223-D: function "spi_ss" declared implicitly
src\device\W25X32.c(404): warning:  #223-D: function "spi_send" declared implicitly
src\device\W25X32.c(409): warning:  #223-D: function "spi_send" declared implicitly
src\device\W25X32.c(415): warning:  #223-D: function "spi_ss" declared implicitly
compiling Device.c...
compiling RTC.c...
compiling Trace.c...
src\os\Trace.c(68): warning:  #223-D: function "Uart1_PutChar" declared implicitly
src\os\Trace.c(96): warning:  #223-D: function "Uart1_Print" declared implicitly
src\os\Trace.c(101): warning:  #223-D: function "Uart1_PutChar" declared implicitly
src\os\Trace.c(121): warning:  #223-D: function "Uart1_Print" declared implicitly
src\os\Trace.c(139): warning:  #223-D: function "Uart1_GetReceiveCount" declared implicitly
src\os\Trace.c(140): warning:  #223-D: function "Uart1_Read" declared implicitly
src\os\Trace.c(142): warning:  #223-D: function "Uart1_Print" declared implicitly
src\os\Trace.c(156): warning:  #223-D: function "Uart1_Print" declared implicitly
src\os\Trace.c(160): warning:  #223-D: function "Uart1_GetReceiveCount" declared implicitly
src\os\Trace.c(163): warning:  #223-D: function "Uart1_Read" declared implicitly
src\os\Trace.c(173): warning:  #223-D: function "Uart1_PutChar" declared implicitly
src\os\Trace.c(194): warning:  #223-D: function "Uart1_Print" declared implicitly
src\os\Trace.c(198): warning:  #223-D: function "Uart1_GetReceiveCount" declared implicitly
src\os\Trace.c(200): warning:  #223-D: function "Uart1_Read" declared implicitly
src\os\Trace.c(212): warning:  #223-D: function "Uart1_PutChar" declared implicitly
src\os\Trace.c(223): warning:  #223-D: function "Uart1_PutChar" declared implicitly
src\os\Trace.c(233): warning:  #223-D: function "Uart1_PutChar" declared implicitly
src\os\Trace.c(358): warning:  #940-D: missing return statement at end of non-void function "Uart1_GetChar"
src\os\Trace.c(363): warning:  #223-D: function "Uart1_PutByte" declared implicitly
src\os\Trace.c(366): warning:  #940-D: missing return statement at end of non-void function "Uart1_PutChar"
src\os\Trace.c(372): warning:  #940-D: missing return statement at end of non-void function "Uart1_Print"
src\os\Trace.c(380): warning:  #223-D: function "sendchar" declared implicitly
src\os\Trace.c(381): warning:  #940-D: missing return statement at end of non-void function "Uart1_PutByte"
src\os\Trace.c(385): warning:  #177-D: variable "e" was declared but never referenced
compiling test.c...
src\os\test.c(84): warning:  #117-D: non-void function "file_test" should return a value
src\os\test.c(90): warning:  #940-D: missing return statement at end of non-void function "file_test"
src\os\test.c(99): warning:  #68-D: integer conversion resulted in a change of sign
src\os\test.c(107): warning:  #223-D: function "system_send_buf_to_host" declared implicitly
src\os\test.c(117): warning:  #223-D: function "timer_poll" declared implicitly
src\os\test.c(200): warning:  #167-D: argument of type "char *" is incompatible with parameter of type "BYTE *"
src\os\test.c(202): warning:  #167-D: argument of type "char *" is incompatible with parameter of type "BYTE *"
src\os\test.c(203): warning:  #167-D: argument of type "char *" is incompatible with parameter of type "BYTE *"
src\os\test.c(210): warning:  #167-D: argument of type "char *" is incompatible with parameter of type "BYTE *"
src\os\test.c(212): warning:  #167-D: argument of type "char *" is incompatible with parameter of type "BYTE *"
src\os\test.c(213): warning:  #167-D: argument of type "char *" is incompatible with parameter of type "BYTE *"
src\os\test.c(220): warning:  #167-D: argument of type "char *" is incompatible with parameter of type "BYTE *"
src\os\test.c(222): warning:  #167-D: argument of type "char *" is incompatible with parameter of type "BYTE *"
src\os\test.c(223): warning:  #167-D: argument of type "char *" is incompatible with parameter of type "BYTE *"
src\os\test.c(229): warning:  #111-D: statement is unreachable
src\os\test.c(231): warning:  #111-D: statement is unreachable
src\os\test.c(157): warning:  #550-D: variable "st" was set but never used
compiling t_cmd.c...
src\os\t_cmd\t_cmd.c(17): warning:  #550-D: variable "po" was set but never used
src\os\t_cmd\t_cmd.c(42): warning:  #223-D: function "atoi" declared implicitly
src\os\t_cmd\t_cmd.c(92): warning:  #550-D: variable "kc" was set but never used
src\os\t_cmd\t_cmd.c(94): warning:  #177-D: variable "skc" was declared but never referenced
src\os\t_cmd\t_cmd.c(95): warning:  #177-D: variable "ski" was declared but never referenced
compiling app_main.c...
src\os\app_main.c(12): warning:  #223-D: function "access_loop" declared implicitly
src\os\app_main.c(13): warning:  #940-D: missing return statement at end of non-void function "main_loop"
compiling access_main.c...
src\os\access_main.c(267): warning:  #223-D: function "_error_message" declared implicitly
src\os\access_main.c(380): warning:  #223-D: function "_error_message" declared implicitly
src\os\access_main.c(394): warning:  #223-D: function "_error_message" declared implicitly
src\os\access_main.c(409): warning:  #223-D: function "_error_message" declared implicitly
src\os\access_main.c(564): warning:  #940-D: missing return statement at end of non-void function "sys_tick_once"
src\os\access_main.c(632): warning:  #144-D: a value of type "u8 *" cannot be used to initialize an entity of type "char *"
src\os\access_main.c(576): warning:  #177-D: variable "len" was declared but never referenced
src\os\access_main.c(687): warning:  #223-D: function "timer_poll" declared implicitly
src\os\access_main.c(697): warning:  #513-D: a value of type "U8 *" cannot be assigned to an entity of type "char *"
src\os\access_main.c(699): warning:  #167-D: argument of type "char *" is incompatible with parameter of type "U8 *"
src\os\access_main.c(737): warning:  #111-D: statement is unreachable
src\os\access_main.c(740): warning:  #111-D: statement is unreachable
compiling system_value.c...
src\os\system_value.c(32): warning:  #870-D: invalid multibyte character sequence
src\os\system_value.c(33): warning:  #870-D: invalid multibyte character sequence
src\os\system_value.c(33): warning:  #870-D: invalid multibyte character sequence
src\os\system_value.c(33): warning:  #870-D: invalid multibyte character sequence
src\os\system_value.c(34): warning:  #870-D: invalid multibyte character sequence
src\os\system_value.c(34): warning:  #870-D: invalid multibyte character sequence
src\os\system_value.c(34): warning:  #870-D: invalid multibyte character sequence
src\os\system_value.c(35): warning:  #870-D: invalid multibyte character sequence
src\os\system_value.c(35): warning:  #870-D: invalid multibyte character sequence
src\os\system_value.c(35): warning:  #870-D: invalid multibyte character sequence
src\os\system_value.c(36): warning:  #870-D: invalid multibyte character sequence
src\os\system_value.c(36): warning:  #870-D: invalid multibyte character sequence
src\os\system_value.c(36): warning:  #870-D: invalid multibyte character sequence
src\os\system_value.c(37): warning:  #870-D: invalid multibyte character sequence
src\os\system_value.c(37): warning:  #870-D: invalid multibyte character sequence
src\os\system_value.c(37): warning:  #870-D: invalid multibyte character sequence
src\os\system_value.c(38): warning:  #870-D: invalid multibyte character sequence
src\os\system_value.c(38): warning:  #870-D: invalid multibyte character sequence
src\os\system_value.c(38): warning:  #870-D: invalid multibyte character sequence
src\os\system_value.c(38): warning:  #870-D: invalid multibyte character sequence
src\os\system_value.c(38): warning:  #870-D: invalid multibyte character sequence
src\os\system_value.c(38): warning:  #870-D: invalid multibyte character sequence
src\os\system_value.c(39): warning:  #870-D: invalid multibyte character sequence
src\os\system_value.c(39): warning:  #870-D: invalid multibyte character sequence
src\os\system_value.c(39): warning:  #870-D: invalid multibyte character sequence
src\os\system_value.c(40): warning:  #870-D: invalid multibyte character sequence
src\os\system_value.c(40): warning:  #870-D: invalid multibyte character sequence
src\os\system_value.c(41): warning:  #870-D: invalid multibyte character sequence
src\os\system_value.c(41): warning:  #870-D: invalid multibyte character sequence
src\os\system_value.c(41): warning:  #870-D: invalid multibyte character sequence
src\os\system_value.c(42): warning:  #870-D: invalid multibyte character sequence
src\os\system_value.c(42): warning:  #870-D: invalid multibyte character sequence
src\os\system_value.c(42): warning:  #870-D: invalid multibyte character sequence
src\os\system_value.c(43): warning:  #870-D: invalid multibyte character sequence
src\os\system_value.c(43): warning:  #870-D: invalid multibyte character sequence
src\os\system_value.c(43): warning:  #870-D: invalid multibyte character sequence
src\os\system_value.c(44): warning:  #870-D: invalid multibyte character sequence
src\os\system_value.c(44): warning:  #870-D: invalid multibyte character sequence
src\os\system_value.c(44): warning:  #870-D: invalid multibyte character sequence
src\os\system_value.c(45): warning:  #870-D: invalid multibyte character sequence
src\os\system_value.c(45): warning:  #870-D: invalid multibyte character sequence
src\os\system_value.c(45): warning:  #870-D: invalid multibyte character sequence
compiling txt_file_index.c...
src\os\vfs\txt_file_index.c(26): warning:  #167-D: argument of type "unsigned char *" is incompatible with parameter of type "char *"
src\os\vfs\txt_file_index.c(20): warning:  #550-D: variable "uc" was set but never used
src\os\vfs\txt_file_index.c(76): warning:  #223-D: function "_error_message" declared implicitly
src\os\vfs\txt_file_index.c(111): warning:  #223-D: function "_error_message" declared implicitly
src\os\vfs\txt_file_index.c(120): warning:  #223-D: function "_error_message" declared implicitly
src\os\vfs\txt_file_index.c(149): warning:  #223-D: function "_error_message" declared implicitly
src\os\vfs\txt_file_index.c(158): warning:  #223-D: function "_error_message" declared implicitly
src\os\vfs\txt_file_index.c(263): warning:  #177-D: variable "line_pointer_size" was declared but never referenced
src\os\vfs\txt_file_index.c(463): warning:  #223-D: function "rand" declared implicitly
src\os\vfs\txt_file_index.c(468): warning:  #940-D: missing return statement at end of non-void function "test_create_index"
compiling mp_misc.c...
src\lib\mp_misc.c(29): warning:  #223-D: function "Uart1_PutChar" declared implicitly
src\lib\mp_misc.c(308): warning:  #223-D: function "atoi" declared implicitly
src\lib\mp_misc.c(317): warning:  #223-D: function "atol" declared implicitly
src\lib\mp_misc.c(542): warning:  #111-D: statement is unreachable
compiling TextTools.c...
compiling Font.c...
compiling GraphTools.c...
compiling Bitmap.c...
compiling gui_if.c...
src\gui4\gui_if.c(23): warning:  #223-D: function "s_chop" declared implicitly
src\gui4\gui_if.c(10): warning:  #177-D: variable "pos" was declared but never referenced
src\gui4\gui_if.c(50): warning:  #223-D: function "atoi" declared implicitly
src\gui4\gui_if.c(54): warning:  #223-D: function "system_string_value" declared implicitly
src\gui4\gui_if.c(62): warning:  #223-D: function "atoi" declared implicitly
src\gui4\gui_if.c(31): warning:  #550-D: variable "kc" was set but never used
src\gui4\gui_if.c(33): warning:  #550-D: variable "skc" was set but never used
linking...
.\Obj\dlc_four.axf: Error: L6218E: Undefined symbol g_send_package_socket_ip (referred from http_upload.o).
.\Obj\dlc_four.axf: Error: L6218E: Undefined symbol g_send_package_socket_port (referred from http_upload.o).
.\Obj\dlc_four.axf: Error: L6218E: Undefined symbol g_device_no (referred from access_main.o).
Target not created
Build target 'DEBUG JLINK'
custom translating Web.inp...
Custom: C:\Keil\ARM\bin\fcarm @Web\Web.inp
FCARM file converter V2.11
Converted 14 File(s), Compression 93%
compiling Web.c...
compiling property.c...
linking...
Program Size: Code=104136 RO-data=21988 RW-data=1100 ZI-data=36252  
FromELF: creating hex file...
".\Obj\dlc_four.axf" - 0 Error(s), 0 Warning(s).
Build target 'DEBUG JLINK'
custom translating Web.inp...
Custom: C:\Keil\ARM\bin\fcarm @Web\Web.inp
FCARM file converter V2.11
Converted 14 File(s), Compression 93%
compiling Web.c...
linking...
Program Size: Code=104136 RO-data=21988 RW-data=1100 ZI-data=36252  
FromELF: creating hex file...
".\Obj\dlc_four.axf" - 0 Error(s), 0 Warning(s).
Build target 'DEBUG JLINK'
custom translating Web.inp...
Custom: C:\Keil\ARM\bin\fcarm @Web\Web.inp
FCARM file converter V2.11
Converted 14 File(s), Compression 93%
compiling HTTP_CGI.c...
.\src\os\property.h(13): warning:  #1295-D: Deprecated declaration property_change_all_system_value - give arg types
.\src\os\property.h(18): warning:  #1295-D: Deprecated declaration property_init - give arg types
src\http\HTTP_CGI.c(78): warning:  #223-D: function "t_cmd_main" declared implicitly
src\http\HTTP_CGI.c(89): warning:  #223-D: function "demo_test" declared implicitly
src\http\HTTP_CGI.c(148): warning:  #167-D: argument of type "char *" is incompatible with parameter of type "BYTE *"
src\http\HTTP_CGI.c(184): warning:  #167-D: argument of type "char *" is incompatible with parameter of type "BYTE *"
src\http\HTTP_CGI.c(187): warning:  #167-D: argument of type "char *" is incompatible with parameter of type "BYTE *"
src\http\HTTP_CGI.c(315): warning:  #223-D: function "system_string_value" declared implicitly
src\http\HTTP_CGI.c(316): warning:  #167-D: argument of type "U8 *" is incompatible with parameter of type "const char *"
src\http\HTTP_CGI.c(344): warning:  #177-D: variable "i" was declared but never referenced
src\http\HTTP_CGI.c(346): warning:  #177-D: variable "d" was declared but never referenced
src\http\HTTP_CGI.c(272): warning:  #177-D: variable "mask" was declared but never referenced
src\http\HTTP_CGI.c(273): warning:  #177-D: variable "info" was declared but never referenced
src\http\HTTP_CGI.c(274): warning:  #177-D: variable "temp" was declared but never referenced
src\http\HTTP_CGI.c(419): warning:  #177-D: function "dot_format" was declared but never referenced
compiling HTTP_upload.c...
.\src\os\property.h(13): warning:  #1295-D: Deprecated declaration property_change_all_system_value - give arg types
.\src\os\property.h(18): warning:  #1295-D: Deprecated declaration property_init - give arg types
src\http\HTTP_upload.c(87): warning:  #223-D: function "spi_init" declared implicitly
src\http\HTTP_upload.c(93): warning:  #223-D: function "modules_test" declared implicitly
src\http\HTTP_upload.c(96): warning:  #223-D: function "uffs_flash_interface_init" declared implicitly
src\http\HTTP_upload.c(97): warning:  #223-D: function "rtc_init" declared implicitly
src\http\HTTP_upload.c(99): warning:  #223-D: function "access_init" declared implicitly
src\http\HTTP_upload.c(113): warning:  #223-D: function "sys_tick_once" declared implicitly
src\http\HTTP_upload.c(429): warning:  #223-D: function "main_loop" declared implicitly
compiling Web.c...
compiling HTTP_uif.c...
.\src\os\property.h(13): warning:  #1295-D: Deprecated declaration property_change_all_system_value - give arg types
.\src\os\property.h(18): warning:  #1295-D: Deprecated declaration property_init - give arg types
src\http\HTTP_uif.c(32): warning:  #167-D: argument of type "U8 *" is incompatible with parameter of type "const char *restrict"
src\http\HTTP_uif.c(82): warning:  #111-D: statement is unreachable
src\http\HTTP_uif.c(108): warning:  #167-D: argument of type "U8 *" is incompatible with parameter of type "const char *restrict"
compiling W25X32.c...
.\src\os\property.h(13): warning:  #1295-D: Deprecated declaration property_change_all_system_value - give arg types
.\src\os\property.h(18): warning:  #1295-D: Deprecated declaration property_init - give arg types
src\device\W25X32.c(399): warning:  #223-D: function "spi_ss" declared implicitly
src\device\W25X32.c(404): warning:  #223-D: function "spi_send" declared implicitly
src\device\W25X32.c(409): warning:  #223-D: function "spi_send" declared implicitly
src\device\W25X32.c(415): warning:  #223-D: function "spi_ss" declared implicitly
compiling Device.c...
.\src\os\property.h(13): warning:  #1295-D: Deprecated declaration property_change_all_system_value - give arg types
.\src\os\property.h(18): warning:  #1295-D: Deprecated declaration property_init - give arg types
compiling RTC.c...
.\src\os\property.h(13): warning:  #1295-D: Deprecated declaration property_change_all_system_value - give arg types
.\src\os\property.h(18): warning:  #1295-D: Deprecated declaration property_init - give arg types
compiling Trace.c...
src\os\property.h(13): warning:  #1295-D: Deprecated declaration property_change_all_system_value - give arg types
src\os\property.h(18): warning:  #1295-D: Deprecated declaration property_init - give arg types
src\os\Trace.c(68): warning:  #223-D: function "Uart1_PutChar" declared implicitly
src\os\Trace.c(96): warning:  #223-D: function "Uart1_Print" declared implicitly
src\os\Trace.c(101): warning:  #223-D: function "Uart1_PutChar" declared implicitly
src\os\Trace.c(121): warning:  #223-D: function "Uart1_Print" declared implicitly
src\os\Trace.c(139): warning:  #223-D: function "Uart1_GetReceiveCount" declared implicitly
src\os\Trace.c(140): warning:  #223-D: function "Uart1_Read" declared implicitly
src\os\Trace.c(142): warning:  #223-D: function "Uart1_Print" declared implicitly
src\os\Trace.c(156): warning:  #223-D: function "Uart1_Print" declared implicitly
src\os\Trace.c(160): warning:  #223-D: function "Uart1_GetReceiveCount" declared implicitly
src\os\Trace.c(163): warning:  #223-D: function "Uart1_Read" declared implicitly
src\os\Trace.c(173): warning:  #223-D: function "Uart1_PutChar" declared implicitly
src\os\Trace.c(194): warning:  #223-D: function "Uart1_Print" declared implicitly
src\os\Trace.c(198): warning:  #223-D: function "Uart1_GetReceiveCount" declared implicitly
src\os\Trace.c(200): warning:  #223-D: function "Uart1_Read" declared implicitly
src\os\Trace.c(212): warning:  #223-D: function "Uart1_PutChar" declared implicitly
src\os\Trace.c(223): warning:  #223-D: function "Uart1_PutChar" declared implicitly
src\os\Trace.c(233): warning:  #223-D: function "Uart1_PutChar" declared implicitly
src\os\Trace.c(358): warning:  #940-D: missing return statement at end of non-void function "Uart1_GetChar"
src\os\Trace.c(363): warning:  #223-D: function "Uart1_PutByte" declared implicitly
src\os\Trace.c(366): warning:  #940-D: missing return statement at end of non-void function "Uart1_PutChar"
src\os\Trace.c(372): warning:  #940-D: missing return statement at end of non-void function "Uart1_Print"
src\os\Trace.c(380): warning:  #223-D: function "sendchar" declared implicitly
src\os\Trace.c(381): warning:  #940-D: missing return statement at end of non-void function "Uart1_PutByte"
src\os\Trace.c(385): warning:  #177-D: variable "e" was declared but never referenced
compiling test.c...
src\os\property.h(13): warning:  #1295-D: Deprecated declaration property_change_all_system_value - give arg types
src\os\property.h(18): warning:  #1295-D: Deprecated declaration property_init - give arg types
src\os\test.c(84): warning:  #117-D: non-void function "file_test" should return a value
src\os\test.c(90): warning:  #940-D: missing return statement at end of non-void function "file_test"
src\os\test.c(99): warning:  #68-D: integer conversion resulted in a change of sign
src\os\test.c(107): warning:  #223-D: function "property_test" declared implicitly
src\os\test.c(110): warning:  #223-D: function "system_send_buf_to_host" declared implicitly
src\os\test.c(120): warning:  #223-D: function "timer_poll" declared implicitly
src\os\test.c(203): warning:  #167-D: argument of type "char *" is incompatible with parameter of type "BYTE *"
src\os\test.c(205): warning:  #167-D: argument of type "char *" is incompatible with parameter of type "BYTE *"
src\os\test.c(206): warning:  #167-D: argument of type "char *" is incompatible with parameter of type "BYTE *"
src\os\test.c(213): warning:  #167-D: argument of type "char *" is incompatible with parameter of type "BYTE *"
src\os\test.c(215): warning:  #167-D: argument of type "char *" is incompatible with parameter of type "BYTE *"
src\os\test.c(216): warning:  #167-D: argument of type "char *" is incompatible with parameter of type "BYTE *"
src\os\test.c(223): warning:  #167-D: argument of type "char *" is incompatible with parameter of type "BYTE *"
src\os\test.c(225): warning:  #167-D: argument of type "char *" is incompatible with parameter of type "BYTE *"
src\os\test.c(226): warning:  #167-D: argument of type "char *" is incompatible with parameter of type "BYTE *"
src\os\test.c(232): warning:  #111-D: statement is unreachable
src\os\test.c(234): warning:  #111-D: statement is unreachable
src\os\test.c(160): warning:  #550-D: variable "st" was set but never used
compiling t_cmd.c...
.\src\os\property.h(13): warning:  #1295-D: Deprecated declaration property_change_all_system_value - give arg types
.\src\os\property.h(18): warning:  #1295-D: Deprecated declaration property_init - give arg types
src\os\t_cmd\t_cmd.c(17): warning:  #550-D: variable "po" was set but never used
src\os\t_cmd\t_cmd.c(42): warning:  #223-D: function "atoi" declared implicitly
src\os\t_cmd\t_cmd.c(92): warning:  #550-D: variable "kc" was set but never used
src\os\t_cmd\t_cmd.c(94): warning:  #177-D: variable "skc" was declared but never referenced
src\os\t_cmd\t_cmd.c(95): warning:  #177-D: variable "ski" was declared but never referenced
compiling app_main.c...
src\os\property.h(13): warning:  #1295-D: Deprecated declaration property_change_all_system_value - give arg types
src\os\property.h(18): warning:  #1295-D: Deprecated declaration property_init - give arg types
src\os\app_main.c(12): warning:  #223-D: function "access_loop" declared implicitly
src\os\app_main.c(13): warning:  #940-D: missing return statement at end of non-void function "main_loop"
compiling access_main.c...
src\os\property.h(13): warning:  #1295-D: Deprecated declaration property_change_all_system_value - give arg types
src\os\property.h(18): warning:  #1295-D: Deprecated declaration property_init - give arg types
src\os\access_main.c(267): warning:  #223-D: function "_error_message" declared implicitly
src\os\access_main.c(380): warning:  #223-D: function "_error_message" declared implicitly
src\os\access_main.c(394): warning:  #223-D: function "_error_message" declared implicitly
src\os\access_main.c(409): warning:  #223-D: function "_error_message" declared implicitly
src\os\access_main.c(564): warning:  #940-D: missing return statement at end of non-void function "sys_tick_once"
src\os\access_main.c(632): warning:  #144-D: a value of type "u8 *" cannot be used to initialize an entity of type "char *"
src\os\access_main.c(576): warning:  #177-D: variable "len" was declared but never referenced
src\os\access_main.c(687): warning:  #223-D: function "timer_poll" declared implicitly
src\os\access_main.c(697): warning:  #513-D: a value of type "U8 *" cannot be assigned to an entity of type "char *"
src\os\access_main.c(699): warning:  #167-D: argument of type "char *" is incompatible with parameter of type "U8 *"
src\os\access_main.c(737): warning:  #111-D: statement is unreachable
src\os\access_main.c(740): warning:  #111-D: statement is unreachable
compiling system_value.c...
src\os\property.h(13): warning:  #1295-D: Deprecated declaration property_change_all_system_value - give arg types
src\os\property.h(18): warning:  #1295-D: Deprecated declaration property_init - give arg types
src\os\system_value.c(32): warning:  #870-D: invalid multibyte character sequence
src\os\system_value.c(32): warning:  #870-D: invalid multibyte character sequence
src\os\system_value.c(32): warning:  #870-D: invalid multibyte character sequence
src\os\system_value.c(33): warning:  #870-D: invalid multibyte character sequence
src\os\system_value.c(33): warning:  #870-D: invalid multibyte character sequence
src\os\system_value.c(33): warning:  #870-D: invalid multibyte character sequence
src\os\system_value.c(34): warning:  #870-D: invalid multibyte character sequence
src\os\system_value.c(34): warning:  #870-D: invalid multibyte character sequence
src\os\system_value.c(34): warning:  #870-D: invalid multibyte character sequence
src\os\system_value.c(35): warning:  #870-D: invalid multibyte character sequence
src\os\system_value.c(35): warning:  #870-D: invalid multibyte character sequence
src\os\system_value.c(35): warning:  #870-D: invalid multibyte character sequence
src\os\system_value.c(36): warning:  #870-D: invalid multibyte character sequence
src\os\system_value.c(36): warning:  #870-D: invalid multibyte character sequence
src\os\system_value.c(36): warning:  #870-D: invalid multibyte character sequence
src\os\system_value.c(37): warning:  #870-D: invalid multibyte character sequence
src\os\system_value.c(37): warning:  #870-D: invalid multibyte character sequence
src\os\system_value.c(37): warning:  #870-D: invalid multibyte character sequence
src\os\system_value.c(38): warning:  #870-D: invalid multibyte character sequence
src\os\system_value.c(38): warning:  #870-D: invalid multibyte character sequence
src\os\system_value.c(38): warning:  #870-D: invalid multibyte character sequence
src\os\system_value.c(38): warning:  #870-D: invalid multibyte character sequence
src\os\system_value.c(38): warning:  #870-D: invalid multibyte character sequence
src\os\system_value.c(38): warning:  #870-D: invalid multibyte character sequence
src\os\system_value.c(39): warning:  #870-D: invalid multibyte character sequence
src\os\system_value.c(39): warning:  #870-D: invalid multibyte character sequence
src\os\system_value.c(39): warning:  #870-D: invalid multibyte character sequence
src\os\system_value.c(40): warning:  #870-D: invalid multibyte character sequence
src\os\system_value.c(40): warning:  #870-D: invalid multibyte character sequence
src\os\system_value.c(41): warning:  #870-D: invalid multibyte character sequence
src\os\system_value.c(41): warning:  #870-D: invalid multibyte character sequence
src\os\system_value.c(41): warning:  #870-D: invalid multibyte character sequence
src\os\system_value.c(42): warning:  #870-D: invalid multibyte character sequence
src\os\system_value.c(42): warning:  #870-D: invalid multibyte character sequence
src\os\system_value.c(42): warning:  #870-D: invalid multibyte character sequence
src\os\system_value.c(43): warning:  #870-D: invalid multibyte character sequence
src\os\system_value.c(43): warning:  #870-D: invalid multibyte character sequence
src\os\system_value.c(43): warning:  #870-D: invalid multibyte character sequence
src\os\system_value.c(44): warning:  #870-D: invalid multibyte character sequence
src\os\system_value.c(44): warning:  #870-D: invalid multibyte character sequence
src\os\system_value.c(44): warning:  #870-D: invalid multibyte character sequence
src\os\system_value.c(45): warning:  #870-D: invalid multibyte character sequence
src\os\system_value.c(45): warning:  #870-D: invalid multibyte character sequence
src\os\system_value.c(45): warning:  #870-D: invalid multibyte character sequence
compiling txt_file_index.c...
.\src\os\property.h(13): warning:  #1295-D: Deprecated declaration property_change_all_system_value - give arg types
.\src\os\property.h(18): warning:  #1295-D: Deprecated declaration property_init - give arg types
src\os\vfs\txt_file_index.c(26): warning:  #167-D: argument of type "unsigned char *" is incompatible with parameter of type "char *"
src\os\vfs\txt_file_index.c(20): warning:  #550-D: variable "uc" was set but never used
src\os\vfs\txt_file_index.c(76): warning:  #223-D: function "_error_message" declared implicitly
src\os\vfs\txt_file_index.c(111): warning:  #223-D: function "_error_message" declared implicitly
src\os\vfs\txt_file_index.c(120): warning:  #223-D: function "_error_message" declared implicitly
src\os\vfs\txt_file_index.c(149): warning:  #223-D: function "_error_message" declared implicitly
src\os\vfs\txt_file_index.c(158): warning:  #223-D: function "_error_message" declared implicitly
src\os\vfs\txt_file_index.c(263): warning:  #177-D: variable "line_pointer_size" was declared but never referenced
src\os\vfs\txt_file_index.c(463): warning:  #223-D: function "rand" declared implicitly
src\os\vfs\txt_file_index.c(468): warning:  #940-D: missing return statement at end of non-void function "test_create_index"
compiling property.c...
.\src\os/property.h(13): warning:  #1295-D: Deprecated declaration property_change_all_system_value - give arg types
.\src\os/property.h(18): warning:  #1295-D: Deprecated declaration property_init - give arg types
src\os\property.c(69): warning:  #223-D: function "atoi" declared implicitly
src\os\property.c(73): warning:  #223-D: function "_debug_show_ip_str" declared implicitly
src\os\property.c(82): warning:  #223-D: function "atoi" declared implicitly
src\os\property.c(86): warning:  #223-D: function "_debug_show_ip_str" declared implicitly
src\os\property.c(91): warning:  #223-D: function "atoi" declared implicitly
src\os\property.c(106): warning:  #223-D: function "atoi" declared implicitly
src\os\property.c(113): warning:  #223-D: function "atoi" declared implicitly
src\os\property.c(122): warning:  #223-D: function "Key_EnableScan" declared implicitly
src\os\property.c(125): warning:  #223-D: function "Key_EnableScan" declared implicitly
src\os\property.c(51): warning:  #177-D: variable "val2" was declared but never referenced
src\os\property.c(51): warning:  #177-D: variable "val3" was declared but never referenced
src\os\property.c(51): warning:  #177-D: variable "val4" was declared but never referenced
src\os\property.c(150): error:  #20: identifier "_d_prop_file_name" is undefined
src\os\property.c(157): warning:  #223-D: function "df_open" declared implicitly
src\os\property.c(157): error:  #513: a value of type "int" cannot be assigned to an entity of type "void *"
src\os\property.c(161): warning:  #223-D: function "df_read_line" declared implicitly
src\os\property.c(166): warning:  #223-D: function "s_chop" declared implicitly
src\os\property.c(167): error:  #167: argument of type "char **" is incompatible with parameter of type "char *"
src\os\property.c(169): warning:  #223-D: function "df_close" declared implicitly
src\os\property.c(182): error:  #116: a break statement may only be used within a loop or switch
src\os\property.c(185): error:  #115: a continue statement may only be used within a loop
src\os\property.c(186): error:  #167: argument of type "char **" is incompatible with parameter of type "const char *restrict"
src\os\property.c(187): warning:  #223-D: function "s_chop" declared implicitly
src\os\property.c(190): error:  #167: argument of type "char **" is incompatible with parameter of type "const char *restrict"
src\os\property.c(178): warning:  #177-D: variable "rel" was declared but never referenced
src\os\property.c(197): error:  #169: expected a declaration
src\os\property.c(198): error:  #169: expected a declaration
src\os\property.c(222): warning:  #12-D: parsing restarts here after previous syntax error
src\os\property.c(223): error:  #169: expected a declaration
src\os\property.c(246): warning:  #12-D: parsing restarts here after previous syntax error
src\os\property.c(247): error:  #169: expected a declaration
src\os\property.c(252): warning:  #12-D: parsing restarts here after previous syntax error
src\os\property.c(253): error:  #18: expected a ")"
src\os\property.c(253): warning:  #77-D: this declaration has no storage class or type specifier
src\os\property.c(253): error:  #92: identifier-list parameters may only be used in a function definition
src\os\property.c(254): error:  #169: expected a declaration
src\os\property.c(256): warning:  #77-D: this declaration has no storage class or type specifier
src\os\property.c(256): error:  #92: identifier-list parameters may only be used in a function definition
src\os\property.c(257): warning:  #77-D: this declaration has no storage class or type specifier
src\os\property.c(257): error:  #92: identifier-list parameters may only be used in a function definition
src\os\property.c(258): warning:  #77-D: this declaration has no storage class or type specifier
src\os\property.c(258): error:  #92: identifier-list parameters may only be used in a function definition
src\os\property.c(259): error:  #169: expected a declaration
src\os\property.c(260): error:  #169: expected a declaration
src\os\property.c(283): warning: At end of source:  #12-D: parsing restarts here after previous syntax error
compiling mp_misc.c...
.\src\os\property.h(13): warning:  #1295-D: Deprecated declaration property_change_all_system_value - give arg types
.\src\os\property.h(18): warning:  #1295-D: Deprecated declaration property_init - give arg types
src\lib\mp_misc.c(29): warning:  #223-D: function "Uart1_PutChar" declared implicitly
src\lib\mp_misc.c(308): warning:  #223-D: function "atoi" declared implicitly
src\lib\mp_misc.c(317): warning:  #223-D: function "atol" declared implicitly
src\lib\mp_misc.c(542): warning:  #111-D: statement is unreachable
compiling TextTools.c...
.\src\os\property.h(13): warning:  #1295-D: Deprecated declaration property_change_all_system_value - give arg types
.\src\os\property.h(18): warning:  #1295-D: Deprecated declaration property_init - give arg types
compiling Font.c...
.\src\os\property.h(13): warning:  #1295-D: Deprecated declaration property_change_all_system_value - give arg types
.\src\os\property.h(18): warning:  #1295-D: Deprecated declaration property_init - give arg types
compiling GraphTools.c...
.\src\os\property.h(13): warning:  #1295-D: Deprecated declaration property_change_all_system_value - give arg types
.\src\os\property.h(18): warning:  #1295-D: Deprecated declaration property_init - give arg types
compiling Bitmap.c...
.\src\os\property.h(13): warning:  #1295-D: Deprecated declaration property_change_all_system_value - give arg types
.\src\os\property.h(18): warning:  #1295-D: Deprecated declaration property_init - give arg types
compiling gui_if.c...
.\src\os\property.h(13): warning:  #1295-D: Deprecated declaration property_change_all_system_value - give arg types
.\src\os\property.h(18): warning:  #1295-D: Deprecated declaration property_init - give arg types
src\gui4\gui_if.c(23): warning:  #223-D: function "s_chop" declared implicitly
src\gui4\gui_if.c(10): warning:  #177-D: variable "pos" was declared but never referenced
src\gui4\gui_if.c(50): warning:  #223-D: function "atoi" declared implicitly
src\gui4\gui_if.c(54): warning:  #223-D: function "system_string_value" declared implicitly
src\gui4\gui_if.c(62): warning:  #223-D: function "atoi" declared implicitly
src\gui4\gui_if.c(31): warning:  #550-D: variable "kc" was set but never used
src\gui4\gui_if.c(33): warning:  #550-D: variable "skc" was set but never used
Target not created
Build target 'DEBUG JLINK'
custom translating Web.inp...
Custom: C:\Keil\ARM\bin\fcarm @Web\Web.inp
FCARM file converter V2.11
Converted 14 File(s), Compression 93%
compiling Web.c...
compiling property.c...
.\src\os/property.h(13): warning:  #1295-D: Deprecated declaration property_change_all_system_value - give arg types
.\src\os/property.h(18): warning:  #1295-D: Deprecated declaration property_init - give arg types
src\os\property.c(69): warning:  #223-D: function "atoi" declared implicitly
src\os\property.c(73): warning:  #223-D: function "_debug_show_ip_str" declared implicitly
src\os\property.c(82): warning:  #223-D: function "atoi" declared implicitly
src\os\property.c(86): warning:  #223-D: function "_debug_show_ip_str" declared implicitly
src\os\property.c(91): warning:  #223-D: function "atoi" declared implicitly
src\os\property.c(106): warning:  #223-D: function "atoi" declared implicitly
src\os\property.c(113): warning:  #223-D: function "atoi" declared implicitly
src\os\property.c(122): warning:  #223-D: function "Key_EnableScan" declared implicitly
src\os\property.c(125): warning:  #223-D: function "Key_EnableScan" declared implicitly
src\os\property.c(51): warning:  #177-D: variable "val2" was declared but never referenced
src\os\property.c(51): warning:  #177-D: variable "val3" was declared but never referenced
src\os\property.c(51): warning:  #177-D: variable "val4" was declared but never referenced
src\os\property.c(150): error:  #20: identifier "_d_prop_file_name" is undefined
src\os\property.c(157): warning:  #223-D: function "df_open" declared implicitly
src\os\property.c(157): error:  #513: a value of type "int" cannot be assigned to an entity of type "void *"
src\os\property.c(161): warning:  #223-D: function "df_read_line" declared implicitly
src\os\property.c(166): warning:  #223-D: function "s_chop" declared implicitly
src\os\property.c(167): error:  #167: argument of type "char **" is incompatible with parameter of type "char *"
src\os\property.c(169): warning:  #223-D: function "df_close" declared implicitly
src\os\property.c(182): error:  #116: a break statement may only be used within a loop or switch
src\os\property.c(185): error:  #115: a continue statement may only be used within a loop
src\os\property.c(186): error:  #167: argument of type "char **" is incompatible with parameter of type "const char *restrict"
src\os\property.c(187): warning:  #223-D: function "s_chop" declared implicitly
src\os\property.c(190): error:  #167: argument of type "char **" is incompatible with parameter of type "const char *restrict"
src\os\property.c(178): warning:  #177-D: variable "rel" was declared but never referenced
src\os\property.c(197): error:  #169: expected a declaration
src\os\property.c(198): error:  #169: expected a declaration
src\os\property.c(222): warning:  #12-D: parsing restarts here after previous syntax error
src\os\property.c(223): error:  #169: expected a declaration
src\os\property.c(246): warning:  #12-D: parsing restarts here after previous syntax error
src\os\property.c(247): error:  #169: expected a declaration
src\os\property.c(252): warning:  #12-D: parsing restarts here after previous syntax error
src\os\property.c(253): error:  #18: expected a ")"
src\os\property.c(253): warning:  #77-D: this declaration has no storage class or type specifier
src\os\property.c(253): error:  #92: identifier-list parameters may only be used in a function definition
src\os\property.c(254): error:  #169: expected a declaration
src\os\property.c(256): warning:  #77-D: this declaration has no storage class or type specifier
src\os\property.c(256): error:  #92: identifier-list parameters may only be used in a function definition
src\os\property.c(257): warning:  #77-D: this declaration has no storage class or type specifier
src\os\property.c(257): error:  #92: identifier-list parameters may only be used in a function definition
src\os\property.c(258): warning:  #77-D: this declaration has no storage class or type specifier
src\os\property.c(258): error:  #92: identifier-list parameters may only be used in a function definition
src\os\property.c(259): error:  #169: expected a declaration
src\os\property.c(260): error:  #169: expected a declaration
src\os\property.c(283): warning: At end of source:  #12-D: parsing restarts here after previous syntax error
Target not created
Build target 'DEBUG JLINK'
custom translating Web.inp...
Custom: C:\Keil\ARM\bin\fcarm @Web\Web.inp
FCARM file converter V2.11
Converted 14 File(s), Compression 93%
compiling Web.c...
compiling property.c...
.\src\os/property.h(13): warning:  #1295-D: Deprecated declaration property_change_all_system_value - give arg types
.\src\os/property.h(18): warning:  #1295-D: Deprecated declaration property_init - give arg types
src\os\property.c(69): warning:  #223-D: function "atoi" declared implicitly
src\os\property.c(73): warning:  #223-D: function "_debug_show_ip_str" declared implicitly
src\os\property.c(82): warning:  #223-D: function "atoi" declared implicitly
src\os\property.c(86): warning:  #223-D: function "_debug_show_ip_str" declared implicitly
src\os\property.c(91): warning:  #223-D: function "atoi" declared implicitly
src\os\property.c(106): warning:  #223-D: function "atoi" declared implicitly
src\os\property.c(113): warning:  #223-D: function "atoi" declared implicitly
src\os\property.c(122): warning:  #223-D: function "Key_EnableScan" declared implicitly
src\os\property.c(125): warning:  #223-D: function "Key_EnableScan" declared implicitly
src\os\property.c(51): warning:  #177-D: variable "val2" was declared but never referenced
src\os\property.c(51): warning:  #177-D: variable "val3" was declared but never referenced
src\os\property.c(51): warning:  #177-D: variable "val4" was declared but never referenced
src\os\property.c(157): warning:  #223-D: function "df_open" declared implicitly
src\os\property.c(157): error:  #513: a value of type "int" cannot be assigned to an entity of type "void *"
src\os\property.c(161): warning:  #223-D: function "df_read_line" declared implicitly
src\os\property.c(166): warning:  #223-D: function "s_chop" declared implicitly
src\os\property.c(167): error:  #167: argument of type "char **" is incompatible with parameter of type "char *"
src\os\property.c(169): warning:  #223-D: function "df_close" declared implicitly
src\os\property.c(182): error:  #116: a break statement may only be used within a loop or switch
src\os\property.c(185): error:  #115: a continue statement may only be used within a loop
src\os\property.c(186): error:  #167: argument of type "char **" is incompatible with parameter of type "const char *restrict"
src\os\property.c(187): warning:  #223-D: function "s_chop" declared implicitly
src\os\property.c(190): error:  #167: argument of type "char **" is incompatible with parameter of type "const char *restrict"
src\os\property.c(178): warning:  #177-D: variable "rel" was declared but never referenced
src\os\property.c(197): error:  #169: expected a declaration
src\os\property.c(198): error:  #169: expected a declaration
src\os\property.c(222): warning:  #12-D: parsing restarts here after previous syntax error
src\os\property.c(223): error:  #169: expected a declaration
src\os\property.c(246): warning:  #12-D: parsing restarts here after previous syntax error
src\os\property.c(247): error:  #169: expected a declaration
src\os\property.c(252): warning:  #12-D: parsing restarts here after previous syntax error
src\os\property.c(253): error:  #18: expected a ")"
src\os\property.c(253): warning:  #77-D: this declaration has no storage class or type specifier
src\os\property.c(253): error:  #92: identifier-list parameters may only be used in a function definition
src\os\property.c(254): error:  #169: expected a declaration
src\os\property.c(256): warning:  #77-D: this declaration has no storage class or type specifier
src\os\property.c(256): error:  #92: identifier-list parameters may only be used in a function definition
src\os\property.c(257): warning:  #77-D: this declaration has no storage class or type specifier
src\os\property.c(257): error:  #92: identifier-list parameters may only be used in a function definition
src\os\property.c(258): warning:  #77-D: this declaration has no storage class or type specifier
src\os\property.c(258): error:  #92: identifier-list parameters may only be used in a function definition
src\os\property.c(259): error:  #169: expected a declaration
src\os\property.c(260): error:  #169: expected a declaration
src\os\property.c(283): warning: At end of source:  #12-D: parsing restarts here after previous syntax error
Target not created
Build target 'DEBUG JLINK'
custom translating Web.inp...
Custom: C:\Keil\ARM\bin\fcarm @Web\Web.inp
FCARM file converter V2.11
Converted 14 File(s), Compression 93%
compiling Web.c...
compiling property.c...
.\src\os/property.h(13): warning:  #1295-D: Deprecated declaration property_change_all_system_value - give arg types
.\src\os/property.h(18): warning:  #1295-D: Deprecated declaration property_init - give arg types
src\os\property.c(69): warning:  #223-D: function "atoi" declared implicitly
src\os\property.c(73): warning:  #223-D: function "_debug_show_ip_str" declared implicitly
src\os\property.c(82): warning:  #223-D: function "atoi" declared implicitly
src\os\property.c(86): warning:  #223-D: function "_debug_show_ip_str" declared implicitly
src\os\property.c(91): warning:  #223-D: function "atoi" declared implicitly
src\os\property.c(106): warning:  #223-D: function "atoi" declared implicitly
src\os\property.c(113): warning:  #223-D: function "atoi" declared implicitly
src\os\property.c(122): warning:  #223-D: function "Key_EnableScan" declared implicitly
src\os\property.c(125): warning:  #223-D: function "Key_EnableScan" declared implicitly
src\os\property.c(51): warning:  #177-D: variable "val2" was declared but never referenced
src\os\property.c(51): warning:  #177-D: variable "val3" was declared but never referenced
src\os\property.c(51): warning:  #177-D: variable "val4" was declared but never referenced
src\os\property.c(157): warning:  #223-D: function "df_open" declared implicitly
src\os\property.c(161): warning:  #223-D: function "df_read_line" declared implicitly
src\os\property.c(166): warning:  #223-D: function "s_chop" declared implicitly
src\os\property.c(167): error:  #167: argument of type "char **" is incompatible with parameter of type "char *"
src\os\property.c(169): warning:  #223-D: function "df_close" declared implicitly
src\os\property.c(182): error:  #116: a break statement may only be used within a loop or switch
src\os\property.c(185): error:  #115: a continue statement may only be used within a loop
src\os\property.c(186): error:  #167: argument of type "char **" is incompatible with parameter of type "const char *restrict"
src\os\property.c(187): warning:  #223-D: function "s_chop" declared implicitly
src\os\property.c(190): error:  #167: argument of type "char **" is incompatible with parameter of type "const char *restrict"
src\os\property.c(178): warning:  #177-D: variable "rel" was declared but never referenced
src\os\property.c(197): error:  #169: expected a declaration
src\os\property.c(198): error:  #169: expected a declaration
src\os\property.c(222): warning:  #12-D: parsing restarts here after previous syntax error
src\os\property.c(223): error:  #169: expected a declaration
src\os\property.c(246): warning:  #12-D: parsing restarts here after previous syntax error
src\os\property.c(247): error:  #169: expected a declaration
src\os\property.c(252): warning:  #12-D: parsing restarts here after previous syntax error
src\os\property.c(253): error:  #18: expected a ")"
src\os\property.c(253): warning:  #77-D: this declaration has no storage class or type specifier
src\os\property.c(253): error:  #92: identifier-list parameters may only be used in a function definition
src\os\property.c(254): error:  #169: expected a declaration
src\os\property.c(256): warning:  #77-D: this declaration has no storage class or type specifier
src\os\property.c(256): error:  #92: identifier-list parameters may only be used in a function definition
src\os\property.c(257): warning:  #77-D: this declaration has no storage class or type specifier
src\os\property.c(257): error:  #92: identifier-list parameters may only be used in a function definition
src\os\property.c(258): warning:  #77-D: this declaration has no storage class or type specifier
src\os\property.c(258): error:  #92: identifier-list parameters may only be used in a function definition
src\os\property.c(259): error:  #169: expected a declaration
src\os\property.c(260): error:  #169: expected a declaration
src\os\property.c(283): warning: At end of source:  #12-D: parsing restarts here after previous syntax error
Target not created
Build target 'DEBUG JLINK'
custom translating Web.inp...
Custom: C:\Keil\ARM\bin\fcarm @Web\Web.inp
FCARM file converter V2.11
Converted 14 File(s), Compression 93%
compiling Web.c...
compiling property.c...
.\src\os/property.h(13): warning:  #1295-D: Deprecated declaration property_change_all_system_value - give arg types
.\src\os/property.h(18): warning:  #1295-D: Deprecated declaration property_init - give arg types
src\os\property.c(69): warning:  #223-D: function "atoi" declared implicitly
src\os\property.c(73): warning:  #223-D: function "_debug_show_ip_str" declared implicitly
src\os\property.c(82): warning:  #223-D: function "atoi" declared implicitly
src\os\property.c(86): warning:  #223-D: function "_debug_show_ip_str" declared implicitly
src\os\property.c(91): warning:  #223-D: function "atoi" declared implicitly
src\os\property.c(106): warning:  #223-D: function "atoi" declared implicitly
src\os\property.c(113): warning:  #223-D: function "atoi" declared implicitly
src\os\property.c(122): warning:  #223-D: function "Key_EnableScan" declared implicitly
src\os\property.c(125): warning:  #223-D: function "Key_EnableScan" declared implicitly
src\os\property.c(51): warning:  #177-D: variable "val2" was declared but never referenced
src\os\property.c(51): warning:  #177-D: variable "val3" was declared but never referenced
src\os\property.c(51): warning:  #177-D: variable "val4" was declared but never referenced
src\os\property.c(157): warning:  #223-D: function "df_open" declared implicitly
src\os\property.c(161): warning:  #223-D: function "df_read_line" declared implicitly
src\os\property.c(166): warning:  #223-D: function "s_chop" declared implicitly
src\os\property.c(169): warning:  #223-D: function "df_close" declared implicitly
src\os\property.c(182): error:  #116: a break statement may only be used within a loop or switch
src\os\property.c(185): error:  #115: a continue statement may only be used within a loop
src\os\property.c(186): error:  #167: argument of type "char **" is incompatible with parameter of type "const char *restrict"
src\os\property.c(187): warning:  #223-D: function "s_chop" declared implicitly
src\os\property.c(190): error:  #167: argument of type "char **" is incompatible with parameter of type "const char *restrict"
src\os\property.c(178): warning:  #177-D: variable "rel" was declared but never referenced
src\os\property.c(197): error:  #169: expected a declaration
src\os\property.c(198): error:  #169: expected a declaration
src\os\property.c(222): warning:  #12-D: parsing restarts here after previous syntax error
src\os\property.c(223): error:  #169: expected a declaration
src\os\property.c(246): warning:  #12-D: parsing restarts here after previous syntax error
src\os\property.c(247): error:  #169: expected a declaration
src\os\property.c(252): warning:  #12-D: parsing restarts here after previous syntax error
src\os\property.c(253): error:  #18: expected a ")"
src\os\property.c(253): warning:  #77-D: this declaration has no storage class or type specifier
src\os\property.c(253): error:  #92: identifier-list parameters may only be used in a function definition
src\os\property.c(254): error:  #169: expected a declaration
src\os\property.c(256): warning:  #77-D: this declaration has no storage class or type specifier
src\os\property.c(256): error:  #92: identifier-list parameters may only be used in a function definition
src\os\property.c(257): warning:  #77-D: this declaration has no storage class or type specifier
src\os\property.c(257): error:  #92: identifier-list parameters may only be used in a function definition
src\os\property.c(258): warning:  #77-D: this declaration has no storage class or type specifier
src\os\property.c(258): error:  #92: identifier-list parameters may only be used in a function definition
src\os\property.c(259): error:  #169: expected a declaration
src\os\property.c(260): error:  #169: expected a declaration
src\os\property.c(283): warning: At end of source:  #12-D: parsing restarts here after previous syntax error
Target not created
Build target 'DEBUG JLINK'
custom translating Web.inp...
Custom: C:\Keil\ARM\bin\fcarm @Web\Web.inp
FCARM file converter V2.11
Converted 14 File(s), Compression 93%
compiling Web.c...
compiling property.c...
.\src\os/property.h(13): warning:  #1295-D: Deprecated declaration property_change_all_system_value - give arg types
.\src\os/property.h(18): warning:  #1295-D: Deprecated declaration property_init - give arg types
src\os\property.c(69): warning:  #223-D: function "atoi" declared implicitly
src\os\property.c(73): warning:  #223-D: function "_debug_show_ip_str" declared implicitly
src\os\property.c(82): warning:  #223-D: function "atoi" declared implicitly
src\os\property.c(86): warning:  #223-D: function "_debug_show_ip_str" declared implicitly
src\os\property.c(91): warning:  #223-D: function "atoi" declared implicitly
src\os\property.c(106): warning:  #223-D: function "atoi" declared implicitly
src\os\property.c(113): warning:  #223-D: function "atoi" declared implicitly
src\os\property.c(122): warning:  #223-D: function "Key_EnableScan" declared implicitly
src\os\property.c(125): warning:  #223-D: function "Key_EnableScan" declared implicitly
src\os\property.c(51): warning:  #177-D: variable "val2" was declared but never referenced
src\os\property.c(51): warning:  #177-D: variable "val3" was declared but never referenced
src\os\property.c(51): warning:  #177-D: variable "val4" was declared but never referenced
src\os\property.c(157): warning:  #223-D: function "df_open" declared implicitly
src\os\property.c(161): warning:  #223-D: function "df_read_line" declared implicitly
src\os\property.c(166): warning:  #223-D: function "s_chop" declared implicitly
src\os\property.c(169): warning:  #223-D: function "df_close" declared implicitly
src\os\property.c(182): error:  #116: a break statement may only be used within a loop or switch
src\os\property.c(185): error:  #115: a continue statement may only be used within a loop
src\os\property.c(186): error:  #167: argument of type "char **" is incompatible with parameter of type "const char *restrict"
src\os\property.c(187): warning:  #223-D: function "s_chop" declared implicitly
src\os\property.c(190): error:  #167: argument of type "char **" is incompatible with parameter of type "const char *restrict"
src\os\property.c(178): warning:  #177-D: variable "rel" was declared but never referenced
src\os\property.c(197): error:  #169: expected a declaration
src\os\property.c(198): error:  #169: expected a declaration
src\os\property.c(222): warning:  #12-D: parsing restarts here after previous syntax error
src\os\property.c(223): error:  #169: expected a declaration
src\os\property.c(246): warning:  #12-D: parsing restarts here after previous syntax error
src\os\property.c(247): error:  #169: expected a declaration
src\os\property.c(252): warning:  #12-D: parsing restarts here after previous syntax error
src\os\property.c(253): error:  #18: expected a ")"
src\os\property.c(253): warning:  #77-D: this declaration has no storage class or type specifier
src\os\property.c(253): error:  #92: identifier-list parameters may only be used in a function definition
src\os\property.c(254): error:  #169: expected a declaration
src\os\property.c(256): warning:  #77-D: this declaration has no storage class or type specifier
src\os\property.c(256): error:  #92: identifier-list parameters may only be used in a function definition
src\os\property.c(257): warning:  #77-D: this declaration has no storage class or type specifier
src\os\property.c(257): error:  #92: identifier-list parameters may only be used in a function definition
src\os\property.c(258): warning:  #77-D: this declaration has no storage class or type specifier
src\os\property.c(258): error:  #92: identifier-list parameters may only be used in a function definition
src\os\property.c(259): error:  #169: expected a declaration
[...]
compiling test_cmds.c...
src\uffs\emu\cmdline.h(60): warning:  #1295-D: Deprecated declaration cliMain - give arg types
src\uffs\emu\test_cmds.c(583): warning:  #177-D: variable "stat_buf" was declared but never referenced
compiling cmdline.c...
src\uffs\emu\cmdline.h(60): warning:  #1295-D: Deprecated declaration cliMain - give arg types
linking...
.\Obj\dlc_four.axf: Error: L6218E: Undefined symbol W25X_program (referred from flash-interface-example.o).
Target not created
Build target 'DEBUG JLINK'
custom translating Web.inp...
Custom: C:\Keil\ARM\bin\fcarm @Web\Web.inp
FCARM file converter V2.11
Converted 14 File(s), Compression 93%
compiling Web.c...
compiling flash-interface-example.c...
src\uffs\example\flash-interface-example.c(75): warning:  #940-D: missing return statement at end of non-void function "write_data_addr"
src\uffs\example\flash-interface-example.c(78): warning:  #940-D: missing return statement at end of non-void function "write_erase_addr"
src\uffs\example\flash-interface-example.c(81): warning:  #940-D: missing return statement at end of non-void function "write_data"
src\uffs\example\flash-interface-example.c(84): warning:  #940-D: missing return statement at end of non-void function "read_data"
src\uffs\example\flash-interface-example.c(124): warning:  #223-D: function "W25X_ReadData" declared implicitly
src\uffs\example\flash-interface-example.c(141): warning:  #223-D: function "W25X_ReadData" declared implicitly
src\uffs\example\flash-interface-example.c(158): warning:  #223-D: function "W25X_ReadData" declared implicitly
src\uffs\example\flash-interface-example.c(119): warning:  #177-D: variable "chip" was declared but never referenced
src\uffs\example\flash-interface-example.c(193): warning:  #223-D: function "w25x_program" declared implicitly
src\uffs\example\flash-interface-example.c(228): warning:  #223-D: function "W25X_PageProgram" declared implicitly
src\uffs\example\flash-interface-example.c(255): warning:  #223-D: function "W25X_PageProgram" declared implicitly
src\uffs\example\flash-interface-example.c(186): warning:  #550-D: variable "fall_through" was set but never used
src\uffs\example\flash-interface-example.c(187): warning:  #177-D: variable "chip" was declared but never referenced
src\uffs\example\flash-interface-example.c(293): warning:  #223-D: function "W25X_BlockErase" declared implicitly
src\uffs\example\flash-interface-example.c(287): warning:  #177-D: variable "val" was declared but never referenced
src\uffs\example\flash-interface-example.c(288): warning:  #177-D: variable "chip" was declared but never referenced
src\uffs\example\flash-interface-example.c(332): warning:  #177-D: variable "chip" was declared but never referenced
src\uffs\example\flash-interface-example.c(394): warning:  #177-D: variable "demo_device_2" was declared but never referenced
src\uffs\example\flash-interface-example.c(407): warning:  #177-D: function "init_nand_chip" was declared but never referenced
linking...
Program Size: Code=102036 RO-data=22028 RW-data=1120 ZI-data=49096  
FromELF: creating hex file...
".\Obj\dlc_four.axf" - 0 Error(s), 19 Warning(s).
Load "D:\\pro\\termial4\\dlc_four\\Obj\\dlc_four.AXF" 
VTarget = 3.300V
Info: TotalIRLen = 4, IRPrint = 0x01
Info: Found Cortex-M3 r1p1, Little endian.
Info: TPIU fitted.
Info:   FPUnit: 6 code (BP) slots and 2 literal slots
Info: TotalIRLen = 4, IRPrint = 0x01
Info: Found Cortex-M3 r1p1, Little endian.
Info: TPIU fitted.
Info:   FPUnit: 6 code (BP) slots and 2 literal slots
DLL version V4.08b, compiled Jun 30 2009 19:10:31
Firmware: J-Link ARM-OB STM32 compiled Mar 01 2010 17:00:09
Hardware: V7.00
Hardware-Breakpoints: 6
Software-Breakpoints: 2048
Watchpoints:          0
Found 1 JTAG device, Total IRLen = 4:
 Id of device #0: 0x3BA00477
Cortex-M3 identified.
JTAG speed: 5 kHz
Info: TotalIRLen = 4, IRPrint = 0x01
Info: Found Cortex-M3 r1p1, Little endian.
Info: TPIU fitted.
Info:   FPUnit: 6 code (BP) slots and 2 literal slots
JTAG speed: 1000 kHz
Erase Done.
Programming Done.
Verify OK.
Build target 'DEBUG JLINK'
custom translating Web.inp...
Custom: C:\Keil\ARM\bin\fcarm @Web\Web.inp
FCARM file converter V2.11
Converted 14 File(s), Compression 93%
compiling Web.c...
compiling flash-interface-example.c...
src\uffs\example\flash-interface-example.c(75): warning:  #940-D: missing return statement at end of non-void function "write_data_addr"
src\uffs\example\flash-interface-example.c(78): warning:  #940-D: missing return statement at end of non-void function "write_erase_addr"
src\uffs\example\flash-interface-example.c(81): warning:  #940-D: missing return statement at end of non-void function "write_data"
src\uffs\example\flash-interface-example.c(84): warning:  #940-D: missing return statement at end of non-void function "read_data"
src\uffs\example\flash-interface-example.c(124): warning:  #223-D: function "W25X_ReadData" declared implicitly
src\uffs\example\flash-interface-example.c(124): error:  #20: identifier "_d_w25x_block_size" is undefined
src\uffs\example\flash-interface-example.c(124): error:  #20: identifier "_d_w25x_page_size" is undefined
src\uffs\example\flash-interface-example.c(141): warning:  #223-D: function "W25X_ReadData" declared implicitly
src\uffs\example\flash-interface-example.c(141): error:  #20: identifier "_d_w25x_block_size" is undefined
src\uffs\example\flash-interface-example.c(141): error:  #20: identifier "_d_w25x_page_size" is undefined
src\uffs\example\flash-interface-example.c(158): warning:  #223-D: function "W25X_ReadData" declared implicitly
src\uffs\example\flash-interface-example.c(158): error:  #20: identifier "_d_w25x_block_size" is undefined
src\uffs\example\flash-interface-example.c(158): error:  #20: identifier "_d_w25x_page_size" is undefined
src\uffs\example\flash-interface-example.c(119): warning:  #177-D: variable "chip" was declared but never referenced
src\uffs\example\flash-interface-example.c(193): warning:  #223-D: function "w25x_program" declared implicitly
src\uffs\example\flash-interface-example.c(193): error:  #20: identifier "_d_w25x_block_size" is undefined
src\uffs\example\flash-interface-example.c(193): error:  #20: identifier "_d_w25x_page_size" is undefined
src\uffs\example\flash-interface-example.c(228): warning:  #223-D: function "W25X_PageProgram" declared implicitly
src\uffs\example\flash-interface-example.c(228): error:  #20: identifier "_d_w25x_block_size" is undefined
src\uffs\example\flash-interface-example.c(228): error:  #20: identifier "_d_w25x_page_size" is undefined
src\uffs\example\flash-interface-example.c(255): warning:  #223-D: function "W25X_PageProgram" declared implicitly
src\uffs\example\flash-interface-example.c(255): error:  #20: identifier "_d_w25x_block_size" is undefined
src\uffs\example\flash-interface-example.c(255): error:  #20: identifier "_d_w25x_page_size" is undefined
src\uffs\example\flash-interface-example.c(186): warning:  #550-D: variable "fall_through" was set but never used
src\uffs\example\flash-interface-example.c(187): warning:  #177-D: variable "chip" was declared but never referenced
src\uffs\example\flash-interface-example.c(293): warning:  #223-D: function "W25X_BlockErase" declared implicitly
src\uffs\example\flash-interface-example.c(293): error:  #20: identifier "_d_w25x_block_size" is undefined
src\uffs\example\flash-interface-example.c(287): warning:  #177-D: variable "val" was declared but never referenced
src\uffs\example\flash-interface-example.c(288): warning:  #177-D: variable "chip" was declared but never referenced
src\uffs\example\flash-interface-example.c(332): warning:  #177-D: variable "chip" was declared but never referenced
src\uffs\example\flash-interface-example.c(396): warning:  #177-D: variable "demo_device_2" was declared but never referenced
src\uffs\example\flash-interface-example.c(409): warning:  #177-D: function "init_nand_chip" was declared but never referenced
Target not created
Build target 'DEBUG JLINK'
custom translating Web.inp...
Custom: C:\Keil\ARM\bin\fcarm @Web\Web.inp
FCARM file converter V2.11
Converted 14 File(s), Compression 93%
compiling Web.c...
compiling flash-interface-example.c...
src\uffs\example\flash-interface-example.c(89): warning:  #940-D: missing return statement at end of non-void function "write_data_addr"
src\uffs\example\flash-interface-example.c(92): warning:  #940-D: missing return statement at end of non-void function "write_erase_addr"
src\uffs\example\flash-interface-example.c(95): warning:  #940-D: missing return statement at end of non-void function "write_data"
src\uffs\example\flash-interface-example.c(98): warning:  #940-D: missing return statement at end of non-void function "read_data"
src\uffs\example\flash-interface-example.c(138): warning:  #223-D: function "W25X_ReadData" declared implicitly
src\uffs\example\flash-interface-example.c(155): warning:  #223-D: function "W25X_ReadData" declared implicitly
src\uffs\example\flash-interface-example.c(172): warning:  #223-D: function "W25X_ReadData" declared implicitly
src\uffs\example\flash-interface-example.c(133): warning:  #177-D: variable "chip" was declared but never referenced
src\uffs\example\flash-interface-example.c(207): warning:  #223-D: function "w25x_program" declared implicitly
src\uffs\example\flash-interface-example.c(242): warning:  #223-D: function "W25X_PageProgram" declared implicitly
src\uffs\example\flash-interface-example.c(269): warning:  #223-D: function "W25X_PageProgram" declared implicitly
src\uffs\example\flash-interface-example.c(200): warning:  #550-D: variable "fall_through" was set but never used
src\uffs\example\flash-interface-example.c(201): warning:  #177-D: variable "chip" was declared but never referenced
src\uffs\example\flash-interface-example.c(307): warning:  #223-D: function "W25X_BlockErase" declared implicitly
src\uffs\example\flash-interface-example.c(301): warning:  #177-D: variable "val" was declared but never referenced
src\uffs\example\flash-interface-example.c(302): warning:  #177-D: variable "chip" was declared but never referenced
src\uffs\example\flash-interface-example.c(346): warning:  #177-D: variable "chip" was declared but never referenced
src\uffs\example\flash-interface-example.c(400): warning:  #177-D: variable "demo_device_2" was declared but never referenced
src\uffs\example\flash-interface-example.c(413): warning:  #177-D: function "init_nand_chip" was declared but never referenced
linking...
Program Size: Code=102036 RO-data=22028 RW-data=1120 ZI-data=38344  
FromELF: creating hex file...
".\Obj\dlc_four.axf" - 0 Error(s), 19 Warning(s).
Build target 'DEBUG JLINK'
custom translating Web.inp...
Custom: C:\Keil\ARM\bin\fcarm @Web\Web.inp
FCARM file converter V2.11
Converted 14 File(s), Compression 93%
compiling Web.c...
linking...
Program Size: Code=102036 RO-data=22028 RW-data=1120 ZI-data=38344  
FromELF: creating hex file...
".\Obj\dlc_four.axf" - 0 Error(s), 0 Warning(s).
Load "D:\\pro\\termial4\\dlc_four\\Obj\\dlc_four.AXF" 
VTarget = 3.300V
Info: TotalIRLen = 4, IRPrint = 0x01
Info: Found Cortex-M3 r1p1, Little endian.
Info: TPIU fitted.
Info:   FPUnit: 6 code (BP) slots and 2 literal slots
Info: TotalIRLen = 4, IRPrint = 0x01
Info: Found Cortex-M3 r1p1, Little endian.
Info: TPIU fitted.
Info:   FPUnit: 6 code (BP) slots and 2 literal slots
DLL version V4.08b, compiled Jun 30 2009 19:10:31
Firmware: J-Link ARM-OB STM32 compiled Mar 01 2010 17:00:09
Hardware: V7.00
Hardware-Breakpoints: 6
Software-Breakpoints: 2048
Watchpoints:          0
Found 1 JTAG device, Total IRLen = 4:
 Id of device #0: 0x3BA00477
Cortex-M3 identified.
JTAG speed: 5 kHz
Info: TotalIRLen = 4, IRPrint = 0x01
Info: Found Cortex-M3 r1p1, Little endian.
Info: TPIU fitted.
Info:   FPUnit: 6 code (BP) slots and 2 literal slots
JTAG speed: 1000 kHz
Erase Done.
Programming Done.
Verify OK.
Build target 'DEBUG JLINK'
custom translating Web.inp...
Custom: C:\Keil\ARM\bin\fcarm @Web\Web.inp
FCARM file converter V2.11
Converted 14 File(s), Compression 93%
compiling Web.c...
compiling test.c...
.\src\os/vfs/rand_file.h(18): warning:  #1295-D: Deprecated declaration rand_file_info_find_empty - give arg types
src\os\property.h(13): warning:  #1295-D: Deprecated declaration property_change_all_system_value - give arg types
src\os\property.h(18): warning:  #1295-D: Deprecated declaration property_init - give arg types
src\os\test.c(84): warning:  #117-D: non-void function "file_test" should return a value
src\os\test.c(90): warning:  #940-D: missing return statement at end of non-void function "file_test"
src\os\test.c(127): warning:  #68-D: integer conversion resulted in a change of sign
src\os\test.c(138): warning:  #223-D: function "property_test" declared implicitly
src\os\test.c(141): warning:  #223-D: function "system_send_buf_to_host" declared implicitly
src\os\test.c(151): warning:  #223-D: function "timer_poll" declared implicitly
src\os\test.c(234): warning:  #167-D: argument of type "char *" is incompatible with parameter of type "BYTE *"
src\os\test.c(236): warning:  #167-D: argument of type "char *" is incompatible with parameter of type "BYTE *"
src\os\test.c(237): warning:  #167-D: argument of type "char *" is incompatible with parameter of type "BYTE *"
src\os\test.c(244): warning:  #167-D: argument of type "char *" is incompatible with parameter of type "BYTE *"
src\os\test.c(246): warning:  #167-D: argument of type "char *" is incompatible with parameter of type "BYTE *"
src\os\test.c(247): warning:  #167-D: argument of type "char *" is incompatible with parameter of type "BYTE *"
src\os\test.c(254): warning:  #167-D: argument of type "char *" is incompatible with parameter of type "BYTE *"
src\os\test.c(256): warning:  #167-D: argument of type "char *" is incompatible with parameter of type "BYTE *"
src\os\test.c(257): warning:  #167-D: argument of type "char *" is incompatible with parameter of type "BYTE *"
src\os\test.c(263): warning:  #111-D: statement is unreachable
src\os\test.c(265): warning:  #111-D: statement is unreachable
src\os\test.c(191): warning:  #550-D: variable "st" was set but never used
compiling property.c...
.\src\os/vfs/rand_file.h(18): warning:  #1295-D: Deprecated declaration rand_file_info_find_empty - give arg types
.\src\os/property.h(13): warning:  #1295-D: Deprecated declaration property_change_all_system_value - give arg types
.\src\os/property.h(18): warning:  #1295-D: Deprecated declaration property_init - give arg types
src\os\property.c(71): warning:  #223-D: function "atoi" declared implicitly
src\os\property.c(84): warning:  #223-D: function "atoi" declared implicitly
src\os\property.c(93): warning:  #223-D: function "atoi" declared implicitly
src\os\property.c(103): warning:  #223-D: function "atoi" declared implicitly
src\os\property.c(110): warning:  #223-D: function "atoi" declared implicitly
src\os\property.c(53): warning:  #177-D: variable "val2" was declared but never referenced
src\os\property.c(53): warning:  #177-D: variable "val3" was declared but never referenced
src\os\property.c(53): warning:  #177-D: variable "val4" was declared but never referenced
src\os\property.c(154): warning:  #223-D: function "df_open" declared implicitly
src\os\property.c(158): warning:  #223-D: function "df_read_line" declared implicitly
src\os\property.c(163): warning:  #223-D: function "s_chop" declared implicitly
src\os\property.c(166): warning:  #223-D: function "df_close" declared implicitly
linking...
Program Size: Code=102032 RO-data=22028 RW-data=1120 ZI-data=38344  
FromELF: creating hex file...
".\Obj\dlc_four.axf" - 0 Error(s), 36 Warning(s).
Load "D:\\pro\\termial4\\dlc_four\\Obj\\dlc_four.AXF" 
VTarget = 3.300V
Info: TotalIRLen = 4, IRPrint = 0x01
Info: Found Cortex-M3 r1p1, Little endian.
Info: TPIU fitted.
Info:   FPUnit: 6 code (BP) slots and 2 literal slots
Info: TotalIRLen = 4, IRPrint = 0x01
Info: Found Cortex-M3 r1p1, Little endian.
Info: TPIU fitted.
Info:   FPUnit: 6 code (BP) slots and 2 literal slots
DLL version V4.08b, compiled Jun 30 2009 19:10:31
Firmware: J-Link ARM-OB STM32 compiled Mar 01 2010 17:00:09
Hardware: V7.00
Hardware-Breakpoints: 6
Software-Breakpoints: 2048
Watchpoints:          0
Found 1 JTAG device, Total IRLen = 4:
 Id of device #0: 0x3BA00477
Cortex-M3 identified.
JTAG speed: 5 kHz
Info: TotalIRLen = 4, IRPrint = 0x01
Info: Found Cortex-M3 r1p1, Little endian.
Info: TPIU fitted.
Info:   FPUnit: 6 code (BP) slots and 2 literal slots
JTAG speed: 1000 kHz
Erase Done.
Programming Done.
Verify OK.
Build target 'DEBUG JLINK'
custom translating Web.inp...
Custom: C:\Keil\ARM\bin\fcarm @Web\Web.inp
FCARM file converter V2.11
Converted 14 File(s), Compression 93%
compiling Web.c...
compiling property.c...
.\src\os/vfs/rand_file.h(18): warning:  #1295-D: Deprecated declaration rand_file_info_find_empty - give arg types
.\src\os/property.h(13): warning:  #1295-D: Deprecated declaration property_change_all_system_value - give arg types
.\src\os/property.h(18): warning:  #1295-D: Deprecated declaration property_init - give arg types
src\os\property.c(71): warning:  #223-D: function "atoi" declared implicitly
src\os\property.c(84): warning:  #223-D: function "atoi" declared implicitly
src\os\property.c(93): warning:  #223-D: function "atoi" declared implicitly
src\os\property.c(103): warning:  #223-D: function "atoi" declared implicitly
src\os\property.c(110): warning:  #223-D: function "atoi" declared implicitly
src\os\property.c(53): warning:  #177-D: variable "val2" was declared but never referenced
src\os\property.c(53): warning:  #177-D: variable "val3" was declared but never referenced
src\os\property.c(53): warning:  #177-D: variable "val4" was declared but never referenced
src\os\property.c(154): warning:  #223-D: function "df_open" declared implicitly
src\os\property.c(158): warning:  #223-D: function "df_read_line" declared implicitly
src\os\property.c(163): warning:  #223-D: function "s_chop" declared implicitly
src\os\property.c(166): warning:  #223-D: function "df_close" declared implicitly
src\os\property.c(324): warning:  #223-D: function "property_test" declared implicitly
compiling rand_file.c...
.\src\os\property.h(13): warning:  #1295-D: Deprecated declaration property_change_all_system_value - give arg types
.\src\os\property.h(18): warning:  #1295-D: Deprecated declaration property_init - give arg types
.\src\os/vfs/rand_file.h(18): warning:  #1295-D: Deprecated declaration rand_file_info_find_empty - give arg types
src\os\vfs\rand_file.c(242): warning:  #177-D: variable "size" was declared but never referenced
linking...
Program Size: Code=102048 RO-data=22028 RW-data=1120 ZI-data=38344  
FromELF: creating hex file...
".\Obj\dlc_four.axf" - 0 Error(s), 20 Warning(s).
Load "D:\\pro\\termial4\\dlc_four\\Obj\\dlc_four.AXF" 
VTarget = 3.300V
Info: TotalIRLen = 4, IRPrint = 0x01
Info: Found Cortex-M3 r1p1, Little endian.
Info: TPIU fitted.
Info:   FPUnit: 6 code (BP) slots and 2 literal slots
Info: TotalIRLen = 4, IRPrint = 0x01
Info: Found Cortex-M3 r1p1, Little endian.
Info: TPIU fitted.
Info:   FPUnit: 6 code (BP) slots and 2 literal slots
DLL version V4.08b, compiled Jun 30 2009 19:10:31
Firmware: J-Link ARM-OB STM32 compiled Mar 01 2010 17:00:09
Hardware: V7.00
Hardware-Breakpoints: 6
Software-Breakpoints: 2048
Watchpoints:          0
Found 1 JTAG device, Total IRLen = 4:
 Id of device #0: 0x3BA00477
Cortex-M3 identified.
JTAG speed: 5 kHz
Info: TotalIRLen = 4, IRPrint = 0x01
Info: Found Cortex-M3 r1p1, Little endian.
Info: TPIU fitted.
Info:   FPUnit: 6 code (BP) slots and 2 literal slots
JTAG speed: 1000 kHz
Erase Done.
Programming Done.
Verify OK.
